PHPUnit 10.5.61 by Sebastian Bergmann and contributors.

Test file "Check-Content" not found
